Microchip MPLAB XC8 Compiler V2.31

Linker command line:

-W-3 --edf=D:\programas\xc8\pic\dat\en_msgs.txt -cn \
  -h+dist/default/production\lab1.X.production.sym \
  --cmf=dist/default/production\lab1.X.production.cmf -z -Q16F887 \
  -oC:\Users\ANGELO~1\AppData\Local\Temp\sb4c.2 --defsym=__MPLAB_BUILD=1 \
  -Mdist/default/production/lab1.X.production.map -E1 -ver=XC8 Compiler \
  --acfsm=1493 -ASTACK=0110h-016Fh -pstack=STACK -ACODE=00h-07FFhx4 \
  -ASTRCODE=00h-01FFFh -ASTRING=00h-0FFhx32 -ACONST=00h-0FFhx32 \
  -AENTRY=00h-0FFhx32 -ACOMMON=070h-07Fh -ABANK0=020h-06Fh \
  -ABANK1=0A0h-0EFh -ABANK2=0110h-016Fh -ABANK3=0190h-01EFh \
  -ARAM=020h-06Fh,0A0h-0EFh,0110h-016Fh,0190h-01EFh \
  -AABS1=020h-07Fh,0A0h-0EFh,0110h-016Fh,0190h-01EFh -ASFR0=00h-01Fh \
  -ASFR1=080h-09Fh -ASFR2=0100h-010Fh -ASFR3=0180h-018Fh \
  -ACONFIG=02007h-02008h -DCONFIG=2 -AIDLOC=02000h-02003h -DIDLOC=2 \
  -AEEDATA=00h-0FFh/02100h -peeprom_data=EEDATA -DEEDATA=2 -DCODE=2 \
  -DSTRCODE=2 -DSTRING=2 -DCONST=2 -DENTRY=2 \
  -preset_vec=00h,intentry,init,end_init -ppowerup=CODE -pcinit=CODE \
  -pfunctab=ENTRY -k C:\Users\ANGELO~1\AppData\Local\Temp\sb4c.o \
  dist/default/production\lab1.X.production.o 

Object code version is 3.11

Machine type is 16F887



                Name                               Link     Load   Length Selector   Space Scale
C:\Users\ANGELO~1\AppData\Local\Temp\sb4c.o
                end_init                              0        0        3        0       0
                config                             2007     2007        2        0       4
dist/default/production\lab1.X.production.o
                cinit                               7EE      7EE       12      FDC       0
                config                             2007     2007        2        0       4
                text1                               748      748       27      E90       0
                maintext                            76F      76F       7F      EDE       0
                cstackCOMMON                         70       70        9       70       1
                inittext                            735      735       13      E6A       0
                dataBANK0                            20       20        9       20       1
                idataBANK0                          72C      72C        9      E58       0

TOTAL           Name                               Link     Load   Length     Space
        CLASS   STACK          

        CLASS   CODE           
                end_init                              0        0        3         0
                cinit                               7EE      7EE       12         0
                text1                               748      748       27         0
                maintext                            76F      76F       7F         0
                inittext                            735      735       13         0
                idataBANK0                          72C      72C        9         0

        CLASS   STRCODE        

        CLASS   STRING         

        CLASS   CONST          

        CLASS   ENTRY          

        CLASS   COMMON         
                cstackCOMMON                         70       70        9         1

        CLASS   BANK0          
                dataBANK0                            20       20        9         1

        CLASS   BANK1          

        CLASS   BANK2          

        CLASS   BANK3          

        CLASS   RAM            

        CLASS   ABS1           
                abs_s1                               7E       7E        2         1

        CLASS   SFR0           

        CLASS   SFR1           

        CLASS   SFR2           

        CLASS   SFR3           

        CLASS   CONFIG         
                config                             2007     2007        2         4

        CLASS   IDLOC          

        CLASS   EEDATA         



SEGMENTS        Name                           Load    Length   Top    Selector   Space  Class     Delta

                reset_vec                      000000  000003  000003         0       0  CODE        2
                dataBANK0                      000020  000009  000029        20       1  BANK0       1
                cstackCOMMON                   000070  000009  000079        70       1  COMMON      1
                idataBANK0                     00072C  000009  000735       E58       0  CODE        2
                inittext                       000735  000013  000748       E6A       0  CODE        2
                text1                          000748  000027  00076F       E90       0  CODE        2
                maintext                       00076F  00007F  0007EE       EDE       0  CODE        2
                cinit                          0007EE  000012  000800       FDC       0  CODE        2


UNUSED ADDRESS RANGES

        Name                Unused          Largest block    Delta
        BANK0            0029-006F             47           1
        BANK1            00A0-00EF             50           1
        BANK2            0110-016F             60           1
        BANK3            0190-01EF             60           1
        CODE             0003-072B            729           2
                         0800-1FFF            800
        COMMON           0079-007D              5           1
        CONST            0003-072B            100           2
                         0800-1FFF            100
        EEDATA           2100-21FF            100           2
        ENTRY            0003-072B            100           2
                         0800-1FFF            100
        IDLOC            2000-2003              4           2
        RAM              0029-006F             47           1
                         00A0-00EF             50
                         0110-016F             60
                         0190-01EF             60
        SFR0             0000-001F             20           1
        SFR1             0080-009F             20           1
        SFR2             0100-010F             10           1
        SFR3             0180-018F             10           1
        STACK            0110-016F             60           1
        STRCODE          0003-072B            729           2
                         0800-1FFF           1800
        STRING           0003-072B            100           2
                         0800-1FFF            100

                                  Symbol Table

_ANSEL                   (abs)        0188
_ANSELH                  (abs)        0189
_OPTION_REGbits          (abs)        0081
_PORTA                   (abs)        0005
_PORTB                   (abs)        0006
_PORTC                   (abs)        0007
_PORTD                   (abs)        0008
_TRISA                   (abs)        0085
_TRISB                   (abs)        0086
_TRISC                   (abs)        0087
_TRISD                   (abs)        0088
__Habs1                  abs1         0000
__Hbank0                 bank0        0000
__Hbank1                 bank1        0000
__Hbank2                 bank2        0000
__Hbank3                 bank3        0000
__Hcinit                 cinit        0800
__Hclrtext               clrtext      0000
__Hcode                  code         0000
__Hcommon                common       0000
__Hconfig                config       2009
__HcstackCOMMON          cstackCOMMON 0000
__HdataBANK0             dataBANK0    0000
__Heeprom_data           eeprom_data  0000
__Hend_init              end_init     0003
__Hfunctab               functab      0000
__HidataBANK0            idataBANK0   0000
__Hinit                  init         0000
__Hinittext              inittext     0000
__Hintentry              intentry     0000
__Hmaintext              maintext     0000
__Hpowerup               powerup      0000
__Hram                   ram          0000
__Hreset_vec             reset_vec    0000
__Hsfr0                  sfr0         0000
__Hsfr1                  sfr1         0000
__Hsfr2                  sfr2         0000
__Hsfr3                  sfr3         0000
__Hspace_0               (abs)        0800
__Hspace_1               (abs)        0079
__Hspace_2               (abs)        0000
__Hspace_3               (abs)        0000
__Hspace_4               (abs)        4010
__Hstack                 stack        0000
__Hstrings               strings      0000
__Htext                  text         0000
__Labs1                  abs1         0000
__Lbank0                 bank0        0000
__Lbank1                 bank1        0000
__Lbank2                 bank2        0000
__Lbank3                 bank3        0000
__Lcinit                 cinit        07EE
__Lclrtext               clrtext      0000
__Lcode                  code         0000
__Lcommon                common       0000
__Lconfig                config       0000
__LcstackCOMMON          cstackCOMMON 0000
__LdataBANK0             dataBANK0    0000
__Leeprom_data           eeprom_data  0000
__Lend_init              end_init     0000
__Lfunctab               functab      0000
__LidataBANK0            idataBANK0   0000
__Linit                  init         0000
__Linittext              inittext     0000
__Lintentry              intentry     0000
__Lmaintext              maintext     0000
__Lpowerup               powerup      0000
__Lram                   ram          0000
__Lreset_vec             reset_vec    0000
__Lsfr0                  sfr0         0000
__Lsfr1                  sfr1         0000
__Lsfr2                  sfr2         0000
__Lsfr3                  sfr3         0000
__Lspace_0               (abs)        0000
__Lspace_1               (abs)        0000
__Lspace_2               (abs)        0000
__Lspace_3               (abs)        0000
__Lspace_4               (abs)        0000
__Lstack                 stack        0000
__Lstrings               strings      0000
__Ltext                  text         0000
__S0                     (abs)        0800
__S1                     (abs)        0079
__S2                     (abs)        0000
__S3                     (abs)        0000
___int_sp                stack        0000
___latbits               (abs)        0002
___sp                    stack        0000
___stackhi               (abs)        0000
___stacklo               (abs)        0000
__end_of__initialization cinit        07FC
__end_of_main            maintext     07EE
__end_of_semaforo        text1        076F
__initialization         cinit        07EE
__pcstackCOMMON          cstackCOMMON 0070
__pdataBANK0             dataBANK0    0020
__pidataBANK0            idataBANK0   072C
__pmaintext              maintext     076F
__ptext1                 text1        0748
__size_of_main           (abs)        0000
__size_of_semaforo       (abs)        0000
_main                    maintext     076F
_semaforo                text1        0748
_valores                 dataBANK0    0020
btemp                    (abs)        007E
end_of_initialization    cinit        07FC
init_fetch0              inittext     0735
init_ram0                inittext     0739
intlevel0                functab      0000
intlevel1                functab      0000
intlevel2                functab      0000
intlevel3                functab      0000
intlevel4                functab      0000
intlevel5                functab      0000
main@contadorJ1          cstackCOMMON 0075
main@contadorJ2          cstackCOMMON 0076
main@inicio              cstackCOMMON 0074
main@puertobActual       cstackCOMMON 0078
main@puertobAnterior     cstackCOMMON 0077
reset_vec                reset_vec    0000
start                    init         0000
start_initialization     cinit        07EE
wtemp0                   (abs)        007E


FUNCTION INFORMATION:

 *************** function _main *****************
 Defined at:
		line 42 in file "main.c"
 Parameters:    Size  Location     Type
		None
 Auto vars:     Size  Location     Type
  puertobActua    1    8[COMMON] unsigned char 
  puertobAnter    1    7[COMMON] unsigned char 
  contadorJ2      1    6[COMMON] unsigned char 
  contadorJ1      1    5[COMMON] unsigned char 
  inicio          1    4[COMMON] unsigned char 
 Return value:  Size  Location     Type
                  1    wreg      void 
 Registers used:
		wreg, fsr0l, fsr0h, status,2, status,0, pclath, cstack
 Tracked objects:
		On entry : 
		On exit  : 
		Unchanged: 
 Data sizes:     COMMON   BANK0   BANK1   BANK3   BANK2
      Params:         0       0       0       0       0
      Locals:         5       0       0       0       0
      Temps:          1       0       0       0       0
      Totals:         6       0       0       0       0
Total ram usage:        6 bytes
 Hardware stack levels required when called:    1
 This function calls:
		_semaforo
 This function is called by:
		Startup code after reset
 This function uses a non-reentrant model


 *************** function _semaforo *****************
 Defined at:
		line 100 in file "main.c"
 Parameters:    Size  Location     Type
		None
 Auto vars:     Size  Location     Type
		None
 Return value:  Size  Location     Type
                  1    wreg      void 
 Registers used:
		wreg
 Tracked objects:
		On entry : 
		On exit  : 
		Unchanged: 
 Data sizes:     COMMON   BANK0   BANK1   BANK3   BANK2
      Params:         0       0       0       0       0
      Locals:         0       0       0       0       0
      Temps:          3       0       0       0       0
      Totals:         3       0       0       0       0
Total ram usage:        3 bytes
 Hardware stack levels used:    1
 This function calls:
		Nothing
 This function is called by:
		_main
 This function uses a non-reentrant model



MODULE INFORMATION

Module		Function		Class		Link	Load	Size
shared
		__initialization		CODE           	07EE	0000	14

shared estimated size: 14

main.c
		_main          		CODE           	076F	0000	127
		_semaforo      		CODE           	0748	0000	39

main.c estimated size: 166

