Microchip MPLAB XC8 Compiler V2.31

Linker command line:

-W-3 --edf=D:\programas\xc8\pic\dat\en_msgs.txt -cn \
  -h+dist/default/production\LAB3.X.production.sym \
  --cmf=dist/default/production\LAB3.X.production.cmf -z -w9 --disl=596:off \
  --norlf -Q16F887 -oC:\Users\ANGELO~1\AppData\Local\Temp\sh2c.2 \
  --defsym=__MPLAB_BUILD=1 -Mdist/default/production/LAB3.X.production.map \
  -E1 -ver=XC8 Compiler --acfsm=1493 -ACODE=00h-07FFhx4 \
  -ASTRCODE=00h-01FFFh -ASTRING=00h-0FFhx32 -ACONST=00h-0FFhx32 \
  -AENTRY=00h-0FFhx32 -ACOMMON=070h-07Fh -ABANK0=020h-06Fh \
  -ABANK1=0A0h-0EFh -ABANK2=0110h-016Fh -ABANK3=0190h-01EFh \
  -ARAM=020h-06Fh,0A0h-0EFh,0110h-016Fh,0190h-01EFh \
  -AABS1=020h-07Fh,0A0h-0EFh,0110h-016Fh,0190h-01EFh -ASFR0=00h-01Fh \
  -ASFR1=080h-09Fh -ASFR2=0100h-010Fh -ASFR3=0180h-018Fh \
  -ACONFIG=02007h-02008h -DCONFIG=2 -AIDLOC=02000h-02003h -DIDLOC=2 \
  -AEEDATA=00h-0FFh/02100h -peeprom_data=EEDATA -DEEDATA=2 -DCODE=2 \
  -DSTRCODE=2 -DSTRING=2 -DCONST=2 -DENTRY=2 \
  -preset_vec=00h,intentry,init,end_init -ppowerup=CODE -pcinit=CODE \
  -pfunctab=ENTRY -k C:\Users\ANGELO~1\AppData\Local\Temp\sh2c.o \
  dist/default/production\LAB3.X.production.o 

Object code version is 3.11

Machine type is 16F887



                Name                               Link     Load   Length Selector   Space Scale
C:\Users\ANGELO~1\AppData\Local\Temp\sh2c.o
                end_init                              E        E        4        0       0
                config                             2007     2007        2        0       4
dist/default/production\LAB3.X.production.o
                cinit                               7FC      7FC        4      FF8       0
                intentry                              0        0        E        0       0
                config                             2007     2007        2        0       4
                text15                              D9B      D9B       12     1B36       0
                text14                              F76      F76       8A     1EEC       0
                text13                              DC2      DC2       1A     1B84       0
                text12                              D8E      D8E        D     1B1C       0
                text11                              EAF      EAF       4B     1D5E       0
                text10                              E00      E00       25     1C00       0
                text9                               DAD      DAD       15     1B5A       0
                text8                               E25      E25       29     1C4A       0
                text7                               E4E      E4E       29     1C9C       0
                text6                               49B      49B      361      936       0
                text5                               20B      20B      290      416       0
                text4                               DDC      DDC       24     1BB8       0
                text3                               EFA      EFA       7C     1DF4       0
                text2                                19       19       BC       32       0
                text1                                D5       D5      136      1AA       0
                maintext                            E77      E77       38     1CEE       0
                cstackBANK0                          20       20       2E       20       1
                cstackCOMMON                         70       70        A       70       1
                strings                             800      800       16     1000       0

TOTAL           Name                               Link     Load   Length     Space
        CLASS   CODE           
                end_init                              E        E        4         0
                cinit                               7FC      7FC        4         0
                intentry                              0        0        E         0
                text15                              D9B      D9B       12         0
                text14                              F76      F76       8A         0
                text13                              DC2      DC2       1A         0
                text12                              D8E      D8E        D         0
                text11                              EAF      EAF       4B         0
                text10                              E00      E00       25         0
                text9                               DAD      DAD       15         0
                text8                               E25      E25       29         0
                text7                               E4E      E4E       29         0
                text6                               49B      49B      361         0
                text5                               20B      20B      290         0
                text4                               DDC      DDC       24         0
                text3                               EFA      EFA       7C         0
                text2                                19       19       BC         0
                text1                                D5       D5      136         0
                maintext                            E77      E77       38         0

        CLASS   STRCODE        

        CLASS   STRING         
                strings                             800      800       16         0

        CLASS   CONST          

        CLASS   ENTRY          

        CLASS   COMMON         
                cstackCOMMON                         70       70        A         1

        CLASS   BANK0          
                cstackBANK0                          20       20       2E         1

        CLASS   BANK1          

        CLASS   BANK2          

        CLASS   BANK3          

        CLASS   RAM            

        CLASS   ABS1           
                abs_s1                               7E       7E        2         1

        CLASS   SFR0           

        CLASS   SFR1           

        CLASS   SFR2           

        CLASS   SFR3           

        CLASS   CONFIG         
                config                             2007     2007        2         4

        CLASS   IDLOC          

        CLASS   EEDATA         

        CLASS   STACK          



SEGMENTS        Name                           Load    Length   Top    Selector   Space  Class     Delta

                reset_vec                      000000  000012  000012         0       0  CODE        2
                cstackBANK0                    000020  00002E  00004E        20       1  BANK0       1
                text2                          000019  0000BC  0000D5        32       0  CODE        2
                cstackCOMMON                   000070  00000A  00007A        70       1  COMMON      1
                text1                          0000D5  000136  00020B       1AA       0  CODE        2
                text5                          00020B  000290  00049B       416       0  CODE        2
                text6                          00049B  000361  0007FC       936       0  CODE        2
                cinit                          0007FC  000004  000800       FF8       0  CODE        2
                strings                        000800  000016  000816      1000       0  STRING      2
                text12                         000D8E  00000D  000D9B      1B1C       0  CODE        2
                text15                         000D9B  000012  000DAD      1B36       0  CODE        2
                text9                          000DAD  000015  000DC2      1B5A       0  CODE        2
                text13                         000DC2  00001A  000DDC      1B84       0  CODE        2
                text4                          000DDC  000024  000E00      1BB8       0  CODE        2
                text10                         000E00  000025  000E25      1C00       0  CODE        2
                text8                          000E25  000029  000E4E      1C4A       0  CODE        2
                text7                          000E4E  000029  000E77      1C9C       0  CODE        2
                maintext                       000E77  000038  000EAF      1CEE       0  CODE        2
                text11                         000EAF  00004B  000EFA      1D5E       0  CODE        2
                text3                          000EFA  00007C  000F76      1DF4       0  CODE        2
                text14                         000F76  00008A  001000      1EEC       0  CODE        2


UNUSED ADDRESS RANGES

        Name                Unused          Largest block    Delta
        BANK0            004E-006F             22           1
        BANK1            00A0-00EF             50           1
        BANK2            0110-016F             60           1
        BANK3            0190-01EF             60           1
        CODE             0012-0018              7           2
                         0816-0D8D            578
                         1000-1FFF            800
        COMMON           007A-007D              4           1
        CONST            0012-0018              7           2
                         0816-0D8D            100
                         1000-1FFF            100
        EEDATA           2100-21FF            100           2
        ENTRY            0012-0018              7           2
                         0816-0D8D            100
                         1000-1FFF            100
        IDLOC            2000-2003              4           2
        RAM              004E-006F             22           1
                         00A0-00EF             50
                         0110-016F             60
                         0190-01EF             60
        SFR0             0000-001F             20           1
        SFR1             0080-009F             20           1
        SFR2             0100-010F             10           1
        SFR3             0180-018F             10           1
        STRCODE          0012-0018              7           2
                         0816-0D8D            578
                         1000-1FFF           1000
        STRING           0012-0018              7           2
                         0816-0D8D            100
                         1000-1FFF            100

                                  Symbol Table

__Habs1                  abs1         0000
__Hbank0                 bank0        0000
__Hbank1                 bank1        0000
__Hbank2                 bank2        0000
__Hbank3                 bank3        0000
__Hclrtext               clrtext      0000
__Hcode                  code         0000
__Hcommon                common       0000
__HcstackBANK0           cstackBANK0  0000
__HcstackCOMMON          cstackCOMMON 0000
__Heeprom_data           eeprom_data  0000
__Hfunctab               functab      0000
__Hmaintext              maintext     0000
__Hpowerup               powerup      0000
__Hram                   ram          0000
__Hreset_vec             reset_vec    0000
__Hsfr0                  sfr0         0000
__Hsfr1                  sfr1         0000
__Hsfr2                  sfr2         0000
__Hsfr3                  sfr3         0000
__Hspace_2               (abs)        0000
__Hspace_3               (abs)        0000
__Hstack                 stack        0000
__Hstrings               strings      0000
__Htext                  text         0000
__Labs1                  abs1         0000
__Lbank0                 bank0        0000
__Lbank1                 bank1        0000
__Lbank2                 bank2        0000
__Lbank3                 bank3        0000
__Lclrtext               clrtext      0000
__Lcode                  code         0000
__Lcommon                common       0000
__Lconfig                config       0000
__LcstackBANK0           cstackBANK0  0000
__LcstackCOMMON          cstackCOMMON 0000
__Leeprom_data           eeprom_data  0000
__Lfunctab               functab      0000
__Lintentry              intentry     0000
__Lmaintext              maintext     0000
__Lpowerup               powerup      0000
__Lram                   ram          0000
__Lreset_vec             reset_vec    0000
__Lsfr0                  sfr0         0000
__Lsfr1                  sfr1         0000
__Lsfr2                  sfr2         0000
__Lsfr3                  sfr3         0000
__Lspace_0               (abs)        0000
__Lspace_1               (abs)        0000
__Lspace_2               (abs)        0000
__Lspace_3               (abs)        0000
__Lspace_4               (abs)        0000
__Lstack                 stack        0000
__Lstrings               strings      0000
__Ltext                  text         0000
__S3                     (abs)        0000
___int_sp                stack        0000
___sp                    stack        0000
___stackhi               (abs)        0000
___stacklo               (abs)        0000
__pintentry              intentry     0000
__size_of_LcdClear       (abs)        0000
__size_of_LcdCmd         (abs)        0000
__size_of_LcdInit        (abs)        0000
__size_of_LcdPort        (abs)        0000
__size_of_LcdSetCursor   (abs)        0000
__size_of_LcdWriteChar   (abs)        0000
__size_of_LcdWriteString (abs)        0000
__size_of__Umul8_16      (abs)        0000
__size_of___fladd        (abs)        0000
__size_of___flmul        (abs)        0000
__size_of___flsub        (abs)        0000
__size_of___fltol        (abs)        0000
__size_of___xxtofl       (abs)        0000
__size_of_isr            (abs)        0000
__size_of_main           (abs)        0000
__size_of_printAnalog    (abs)        0000
_initADC                                  
_isrADC                                   
interrupt_function       intentry     0000
intlevel0                functab      0000
intlevel1                functab      0000
intlevel2                functab      0000
intlevel3                functab      0000
intlevel4                functab      0000
intlevel5                functab      0000
reset_vec                reset_vec    0000
___latbits               (abs)        0002
__Hinit                  init         000E
__Hintentry              intentry     000E
__Lend_init              end_init     000E
__Linit                  init         000E
start                    init         000E
?___fladd                cstackBANK0  0020
LcdWriteString@i         cstackBANK0  0020
__Umul8_16@product       cstackBANK0  0020
___fladd@b               cstackBANK0  0020
__pcstackBANK0           cstackBANK0  0020
LcdSetCursor@row         cstackBANK0  0022
LcdWriteString@value     cstackBANK0  0022
__Umul8_16@word_mpld     cstackBANK0  0022
__Hend_init              end_init     0012
__Umul8_16@multiplier    cstackBANK0  0024
___fladd@a               cstackBANK0  0024
___xxtofl@sign           cstackBANK0  0024
___xxtofl@exp            cstackBANK0  0025
___xxtofl@arg            cstackBANK0  0026
?___flmul                cstackBANK0  002A
___flmul@b               cstackBANK0  002A
___flmul@a               cstackBANK0  002E
?___flsub                cstackBANK0  0030
___flsub@a               cstackBANK0  0030
___xxtofl                text2        0019
__ptext2                 text2        0019
___flsub@b               cstackBANK0  0034
___flmul@sign            cstackBANK0  0037
___flmul@grs             cstackBANK0  0038
___flmul@aexp            cstackBANK0  003C
___flmul@bexp            cstackBANK0  003D
___flmul@prod            cstackBANK0  003E
_RD0                     (abs)        0040
_RD1                     (abs)        0041
_RD2                     (abs)        0042
___flmul@temp            cstackBANK0  0042
_RD3                     (abs)        0043
_RD4                     (abs)        0044
_RD5                     (abs)        0045
_RD6                     (abs)        0046
_RD7                     (abs)        0047
_RE0                     (abs)        0048
printAnalog@value        cstackBANK0  0048
printAnalog@entero       cstackBANK0  0049
_RE2                     (abs)        004A
printAnalog@valor        cstackBANK0  004A
__pcstackCOMMON          cstackCOMMON 0070
?__Umul8_16              cstackCOMMON 0074
?___fltol                cstackCOMMON 0074
?___xxtofl               cstackCOMMON 0074
__Umul8_16@multiplicand  cstackCOMMON 0074
___fladd@signs           cstackCOMMON 0074
___fltol@f1              cstackCOMMON 0074
___xxtofl@val            cstackCOMMON 0074
LcdPort@value            cstackCOMMON 0075
___fladd@aexp            cstackCOMMON 0075
___fladd@bexp            cstackCOMMON 0076
LcdWriteChar@value       cstackCOMMON 0077
___fladd@grs             cstackCOMMON 0077
LcdCmd@value             cstackCOMMON 0078
___fltol@sign1           cstackCOMMON 0078
LcdSetCursor@column      cstackCOMMON 0079
___fltol@exp1            cstackCOMMON 0079
__Hspace_1               (abs)        007A
__S1                     (abs)        007A
btemp                    (abs)        007E
saved_w                  (abs)        007E
wtemp0                   (abs)        007E
_TRISD                   (abs)        0088
_TRISE                   (abs)        0089
_ANSEL                   (abs)        0188
_ANSELH                  (abs)        0189
__end_of___xxtofl        text2        00D5
__ptext1                 text1        00D5
_printAnalog             text1        00D5
___fladd                 text5        020B
__end_of_printAnalog     text1        020B
__ptext5                 text5        020B
___flmul                 text6        049B
__end_of___fladd         text5        049B
__ptext6                 text6        049B
__Lcinit                 cinit        07FC
__end_of___flmul         text6        07FC
__end_of__initialization cinit        07FC
__initialization         cinit        07FC
__Hcinit                 cinit        0800
__Hspace_0               (abs)        1000
__S0                     (abs)        1000
__pstrings               strings      0800
__stringtab              strings      0800
__stringbase             strings      0805
__end_of__stringtab      strings      0806
_LcdClear                text12       0D8E
__ptext12                text12       0D8E
__end_of_LcdClear        text12       0D9B
__ptext15                text15       0D9B
_isr                     text15       0D9B
_LcdWriteChar            text9        0DAD
__end_of_isr             text15       0DAD
__ptext9                 text9        0DAD
_LcdCmd                  text13       0DC2
__end_of_LcdWriteChar    text9        0DC2
__ptext13                text13       0DC2
___flsub                 text4        0DDC
__end_of_LcdCmd          text13       0DDC
__ptext4                 text4        0DDC
_LcdSetCursor            text10       0E00
__end_of___flsub         text4        0E00
__ptext10                text10       0E00
_LcdWriteString          text8        0E25
__end_of_LcdSetCursor    text10       0E25
__ptext8                 text8        0E25
__Umul8_16               text7        0E4E
__end_of_LcdWriteString  text8        0E4E
__ptext7                 text7        0E4E
__end_of__Umul8_16       text7        0E77
__pmaintext              maintext     0E77
_main                    maintext     0E77
_LcdInit                 text11       0EAF
__end_of_main            maintext     0EAF
__ptext11                text11       0EAF
___fltol                 text3        0EFA
__end_of_LcdInit         text11       0EFA
__ptext3                 text3        0EFA
_LcdPort                 text14       0F76
__end_of___fltol         text3        0F76
__ptext14                text14       0F76
__end_of_LcdPort         text14       1000
__Hspace_4               (abs)        4010
__Hconfig                config       2009
end_of_initialization    cinit        07FC
start_initialization     cinit        07FC
